  Determining projects to restore...
  Geri yükleme için tüm projeler güncel.
C:\mvc\HWH\VolumeWeb\Areas\Identity\Pages\Account\Register.cshtml.cs(62,57): warning CS8625: Null sabit değer, boş değer atanamayan başvuru türüne dönüştürülemiyor. [C:\mvc\HWH\VolumeWeb\VolumeWeb.csproj]
C:\mvc\HWH\VolumeWeb\Areas\Identity\Pages\Account\Register.cshtml.cs(68,73): warning CS8625: Null sabit değer, boş değer atanamayan başvuru türüne dönüştürülemiyor. [C:\mvc\HWH\VolumeWeb\VolumeWeb.csproj]
C:\mvc\HWH\VolumeWeb\Areas\Identity\Pages\Account\Login.cshtml.cs(44,57): warning CS8625: Null sabit değer, boş değer atanamayan başvuru türüne dönüştürülemiyor. [C:\mvc\HWH\VolumeWeb\VolumeWeb.csproj]
C:\mvc\HWH\VolumeWeb\Areas\Identity\Pages\Account\Login.cshtml.cs(61,73): warning CS8625: Null sabit değer, boş değer atanamayan başvuru türüne dönüştürülemiyor. [C:\mvc\HWH\VolumeWeb\VolumeWeb.csproj]
C:\mvc\HWH\VolumeWeb\Areas\Identity\Pages\Account\Register.cshtml.cs(23,16): warning CS8618: Null atanamaz özellik 'Input', oluşturucudan çıkış yaparken null olmayan bir değer içermelidir. özellik alanını null atanabilir olarak bildirmeyi düşünün. [C:\mvc\HWH\VolumeWeb\VolumeWeb.csproj]
C:\mvc\HWH\VolumeWeb\Areas\Identity\Pages\Account\Register.cshtml.cs(23,16): warning CS8618: Null atanamaz özellik 'ReturnUrl', oluşturucudan çıkış yaparken null olmayan bir değer içermelidir. özellik alanını null atanabilir olarak bildirmeyi düşünün. [C:\mvc\HWH\VolumeWeb\VolumeWeb.csproj]
C:\mvc\HWH\VolumeWeb\Areas\Identity\Pages\Account\Register.cshtml.cs(23,16): warning CS8618: Null atanamaz özellik 'ExternalLogins', oluşturucudan çıkış yaparken null olmayan bir değer içermelidir. özellik alanını null atanabilir olarak bildirmeyi düşünün. [C:\mvc\HWH\VolumeWeb\VolumeWeb.csproj]
C:\mvc\HWH\VolumeWeb\ViewModels\SearchViewModel.cs(7,19): warning CS8618: Null atanamaz özellik 'Query', oluşturucudan çıkış yaparken null olmayan bir değer içermelidir. özellik alanını null atanabilir olarak bildirmeyi düşünün. [C:\mvc\HWH\VolumeWeb\VolumeWeb.csproj]
C:\mvc\HWH\VolumeWeb\Data\ApplicationDbContext.cs(26,28): error CS1061: 'Album' bir 'Artist' tanımı içermiyor ve 'Album' türünde bir ilk bağımsız değişken kabul eden hiçbir erişilebilir 'Artist' genişletme yöntemi bulunamadı (bir kullanma yönergeniz veya derleme başvurunuz eksik olabilir mi?) [C:\mvc\HWH\VolumeWeb\VolumeWeb.csproj]
C:\mvc\HWH\VolumeWeb\Areas\Identity\Pages\Account\Register.cshtml.cs(48,27): warning CS8618: Null atanamaz özellik 'Email', oluşturucudan çıkış yaparken null olmayan bir değer içermelidir. özellik alanını null atanabilir olarak bildirmeyi düşünün. [C:\mvc\HWH\VolumeWeb\VolumeWeb.csproj]
C:\mvc\HWH\VolumeWeb\Areas\Identity\Pages\Account\Register.cshtml.cs(54,27): warning CS8618: Null atanamaz özellik 'Password', oluşturucudan çıkış yaparken null olmayan bir değer içermelidir. özellik alanını null atanabilir olarak bildirmeyi düşünün. [C:\mvc\HWH\VolumeWeb\VolumeWeb.csproj]
C:\mvc\HWH\VolumeWeb\Areas\Identity\Pages\Account\Register.cshtml.cs(59,27): warning CS8618: Null atanamaz özellik 'ConfirmPassword', oluşturucudan çıkış yaparken null olmayan bir değer içermelidir. özellik alanını null atanabilir olarak bildirmeyi düşünün. [C:\mvc\HWH\VolumeWeb\VolumeWeb.csproj]
C:\mvc\HWH\VolumeWeb\Areas\Identity\Pages\Account\Login.cshtml.cs(14,16): warning CS8618: Null atanamaz özellik 'Input', oluşturucudan çıkış yaparken null olmayan bir değer içermelidir. özellik alanını null atanabilir olarak bildirmeyi düşünün. [C:\mvc\HWH\VolumeWeb\VolumeWeb.csproj]
C:\mvc\HWH\VolumeWeb\Areas\Identity\Pages\Account\Login.cshtml.cs(14,16): warning CS8618: Null atanamaz özellik 'ExternalLogins', oluşturucudan çıkış yaparken null olmayan bir değer içermelidir. özellik alanını null atanabilir olarak bildirmeyi düşünün. [C:\mvc\HWH\VolumeWeb\VolumeWeb.csproj]
C:\mvc\HWH\VolumeWeb\Areas\Identity\Pages\Account\Login.cshtml.cs(14,16): warning CS8618: Null atanamaz özellik 'ReturnUrl', oluşturucudan çıkış yaparken null olmayan bir değer içermelidir. özellik alanını null atanabilir olarak bildirmeyi düşünün. [C:\mvc\HWH\VolumeWeb\VolumeWeb.csproj]
C:\mvc\HWH\VolumeWeb\Areas\Identity\Pages\Account\Login.cshtml.cs(14,16): warning CS8618: Null atanamaz özellik 'ErrorMessage', oluşturucudan çıkış yaparken null olmayan bir değer içermelidir. özellik alanını null atanabilir olarak bildirmeyi düşünün. [C:\mvc\HWH\VolumeWeb\VolumeWeb.csproj]
C:\mvc\HWH\VolumeWeb\Controllers\ProfileController.cs(29,33): error CS1061: 'Album' bir 'Artist' tanımı içermiyor ve 'Album' türünde bir ilk bağımsız değişken kabul eden hiçbir erişilebilir 'Artist' genişletme yöntemi bulunamadı (bir kullanma yönergeniz veya derleme başvurunuz eksik olabilir mi?) [C:\mvc\HWH\VolumeWeb\VolumeWeb.csproj]
C:\mvc\HWH\VolumeWeb\Controllers\ProfileController.cs(40,33): error CS1061: 'Album' bir 'Artist' tanımı içermiyor ve 'Album' türünde bir ilk bağımsız değişken kabul eden hiçbir erişilebilir 'Artist' genişletme yöntemi bulunamadı (bir kullanma yönergeniz veya derleme başvurunuz eksik olabilir mi?) [C:\mvc\HWH\VolumeWeb\VolumeWeb.csproj]
C:\mvc\HWH\VolumeWeb\Areas\Identity\Pages\Account\Login.cshtml.cs(34,27): warning CS8618: Null atanamaz özellik 'Email', oluşturucudan çıkış yaparken null olmayan bir değer içermelidir. özellik alanını null atanabilir olarak bildirmeyi düşünün. [C:\mvc\HWH\VolumeWeb\VolumeWeb.csproj]
C:\mvc\HWH\VolumeWeb\Areas\Identity\Pages\Account\Login.cshtml.cs(38,27): warning CS8618: Null atanamaz özellik 'Password', oluşturucudan çıkış yaparken null olmayan bir değer içermelidir. özellik alanını null atanabilir olarak bildirmeyi düşünün. [C:\mvc\HWH\VolumeWeb\VolumeWeb.csproj]
C:\mvc\HWH\VolumeWeb\Controllers\AlbumController.cs(161,24): warning CS8601: Olası null başvuru ataması. [C:\mvc\HWH\VolumeWeb\VolumeWeb.csproj]
C:\mvc\HWH\VolumeWeb\Views\Album\Details.cshtml(81,14): warning CS8602: Olası bir null başvurunun başvurma işlemi. [C:\mvc\HWH\VolumeWeb\VolumeWeb.csproj]
C:\mvc\HWH\VolumeWeb\Views\Profile\Index.cshtml(77,44): warning CS8602: Olası bir null başvurunun başvurma işlemi. [C:\mvc\HWH\VolumeWeb\VolumeWeb.csproj]

Oluşturma BAŞARISIZ OLDU.

C:\mvc\HWH\VolumeWeb\Areas\Identity\Pages\Account\Register.cshtml.cs(62,57): warning CS8625: Null sabit değer, boş değer atanamayan başvuru türüne dönüştürülemiyor. [C:\mvc\HWH\VolumeWeb\VolumeWeb.csproj]
C:\mvc\HWH\VolumeWeb\Areas\Identity\Pages\Account\Register.cshtml.cs(68,73): warning CS8625: Null sabit değer, boş değer atanamayan başvuru türüne dönüştürülemiyor. [C:\mvc\HWH\VolumeWeb\VolumeWeb.csproj]
C:\mvc\HWH\VolumeWeb\Areas\Identity\Pages\Account\Login.cshtml.cs(44,57): warning CS8625: Null sabit değer, boş değer atanamayan başvuru türüne dönüştürülemiyor. [C:\mvc\HWH\VolumeWeb\VolumeWeb.csproj]
C:\mvc\HWH\VolumeWeb\Areas\Identity\Pages\Account\Login.cshtml.cs(61,73): warning CS8625: Null sabit değer, boş değer atanamayan başvuru türüne dönüştürülemiyor. [C:\mvc\HWH\VolumeWeb\VolumeWeb.csproj]
C:\mvc\HWH\VolumeWeb\Areas\Identity\Pages\Account\Register.cshtml.cs(23,16): warning CS8618: Null atanamaz özellik 'Input', oluşturucudan çıkış yaparken null olmayan bir değer içermelidir. özellik alanını null atanabilir olarak bildirmeyi düşünün. [C:\mvc\HWH\VolumeWeb\VolumeWeb.csproj]
C:\mvc\HWH\VolumeWeb\Areas\Identity\Pages\Account\Register.cshtml.cs(23,16): warning CS8618: Null atanamaz özellik 'ReturnUrl', oluşturucudan çıkış yaparken null olmayan bir değer içermelidir. özellik alanını null atanabilir olarak bildirmeyi düşünün. [C:\mvc\HWH\VolumeWeb\VolumeWeb.csproj]
C:\mvc\HWH\VolumeWeb\Areas\Identity\Pages\Account\Register.cshtml.cs(23,16): warning CS8618: Null atanamaz özellik 'ExternalLogins', oluşturucudan çıkış yaparken null olmayan bir değer içermelidir. özellik alanını null atanabilir olarak bildirmeyi düşünün. [C:\mvc\HWH\VolumeWeb\VolumeWeb.csproj]
C:\mvc\HWH\VolumeWeb\ViewModels\SearchViewModel.cs(7,19): warning CS8618: Null atanamaz özellik 'Query', oluşturucudan çıkış yaparken null olmayan bir değer içermelidir. özellik alanını null atanabilir olarak bildirmeyi düşünün. [C:\mvc\HWH\VolumeWeb\VolumeWeb.csproj]
C:\mvc\HWH\VolumeWeb\Areas\Identity\Pages\Account\Register.cshtml.cs(48,27): warning CS8618: Null atanamaz özellik 'Email', oluşturucudan çıkış yaparken null olmayan bir değer içermelidir. özellik alanını null atanabilir olarak bildirmeyi düşünün. [C:\mvc\HWH\VolumeWeb\VolumeWeb.csproj]
C:\mvc\HWH\VolumeWeb\Areas\Identity\Pages\Account\Register.cshtml.cs(54,27): warning CS8618: Null atanamaz özellik 'Password', oluşturucudan çıkış yaparken null olmayan bir değer içermelidir. özellik alanını null atanabilir olarak bildirmeyi düşünün. [C:\mvc\HWH\VolumeWeb\VolumeWeb.csproj]
C:\mvc\HWH\VolumeWeb\Areas\Identity\Pages\Account\Register.cshtml.cs(59,27): warning CS8618: Null atanamaz özellik 'ConfirmPassword', oluşturucudan çıkış yaparken null olmayan bir değer içermelidir. özellik alanını null atanabilir olarak bildirmeyi düşünün. [C:\mvc\HWH\VolumeWeb\VolumeWeb.csproj]
C:\mvc\HWH\VolumeWeb\Areas\Identity\Pages\Account\Login.cshtml.cs(14,16): warning CS8618: Null atanamaz özellik 'Input', oluşturucudan çıkış yaparken null olmayan bir değer içermelidir. özellik alanını null atanabilir olarak bildirmeyi düşünün. [C:\mvc\HWH\VolumeWeb\VolumeWeb.csproj]
C:\mvc\HWH\VolumeWeb\Areas\Identity\Pages\Account\Login.cshtml.cs(14,16): warning CS8618: Null atanamaz özellik 'ExternalLogins', oluşturucudan çıkış yaparken null olmayan bir değer içermelidir. özellik alanını null atanabilir olarak bildirmeyi düşünün. [C:\mvc\HWH\VolumeWeb\VolumeWeb.csproj]
C:\mvc\HWH\VolumeWeb\Areas\Identity\Pages\Account\Login.cshtml.cs(14,16): warning CS8618: Null atanamaz özellik 'ReturnUrl', oluşturucudan çıkış yaparken null olmayan bir değer içermelidir. özellik alanını null atanabilir olarak bildirmeyi düşünün. [C:\mvc\HWH\VolumeWeb\VolumeWeb.csproj]
C:\mvc\HWH\VolumeWeb\Areas\Identity\Pages\Account\Login.cshtml.cs(14,16): warning CS8618: Null atanamaz özellik 'ErrorMessage', oluşturucudan çıkış yaparken null olmayan bir değer içermelidir. özellik alanını null atanabilir olarak bildirmeyi düşünün. [C:\mvc\HWH\VolumeWeb\VolumeWeb.csproj]
C:\mvc\HWH\VolumeWeb\Areas\Identity\Pages\Account\Login.cshtml.cs(34,27): warning CS8618: Null atanamaz özellik 'Email', oluşturucudan çıkış yaparken null olmayan bir değer içermelidir. özellik alanını null atanabilir olarak bildirmeyi düşünün. [C:\mvc\HWH\VolumeWeb\VolumeWeb.csproj]
C:\mvc\HWH\VolumeWeb\Areas\Identity\Pages\Account\Login.cshtml.cs(38,27): warning CS8618: Null atanamaz özellik 'Password', oluşturucudan çıkış yaparken null olmayan bir değer içermelidir. özellik alanını null atanabilir olarak bildirmeyi düşünün. [C:\mvc\HWH\VolumeWeb\VolumeWeb.csproj]
C:\mvc\HWH\VolumeWeb\Controllers\AlbumController.cs(161,24): warning CS8601: Olası null başvuru ataması. [C:\mvc\HWH\VolumeWeb\VolumeWeb.csproj]
C:\mvc\HWH\VolumeWeb\Views\Album\Details.cshtml(81,14): warning CS8602: Olası bir null başvurunun başvurma işlemi. [C:\mvc\HWH\VolumeWeb\VolumeWeb.csproj]
C:\mvc\HWH\VolumeWeb\Views\Profile\Index.cshtml(77,44): warning CS8602: Olası bir null başvurunun başvurma işlemi. [C:\mvc\HWH\VolumeWeb\VolumeWeb.csproj]
C:\mvc\HWH\VolumeWeb\Data\ApplicationDbContext.cs(26,28): error CS1061: 'Album' bir 'Artist' tanımı içermiyor ve 'Album' türünde bir ilk bağımsız değişken kabul eden hiçbir erişilebilir 'Artist' genişletme yöntemi bulunamadı (bir kullanma yönergeniz veya derleme başvurunuz eksik olabilir mi?) [C:\mvc\HWH\VolumeWeb\VolumeWeb.csproj]
C:\mvc\HWH\VolumeWeb\Controllers\ProfileController.cs(29,33): error CS1061: 'Album' bir 'Artist' tanımı içermiyor ve 'Album' türünde bir ilk bağımsız değişken kabul eden hiçbir erişilebilir 'Artist' genişletme yöntemi bulunamadı (bir kullanma yönergeniz veya derleme başvurunuz eksik olabilir mi?) [C:\mvc\HWH\VolumeWeb\VolumeWeb.csproj]
C:\mvc\HWH\VolumeWeb\Controllers\ProfileController.cs(40,33): error CS1061: 'Album' bir 'Artist' tanımı içermiyor ve 'Album' türünde bir ilk bağımsız değişken kabul eden hiçbir erişilebilir 'Artist' genişletme yöntemi bulunamadı (bir kullanma yönergeniz veya derleme başvurunuz eksik olabilir mi?) [C:\mvc\HWH\VolumeWeb\VolumeWeb.csproj]
    20 Uyarı
    3 Hata

Geçen Süre 00:00:01.73
